
> react-kavia@0.1.0 start
> cross-env EDIT_MODE=true webpack serve --config .ve/webpack.config.js --mode development

<i> [webpack-dev-server] Project is running at:
<i> [webpack-dev-server] Loopback: http://localhost:3000/, http://[::1]:3000/
<i> [webpack-dev-server] On Your Network (IPv4): http://172.17.0.2:3000/
<i> [webpack-dev-server] Content not from webpack is served from './public' directory
Injecting EditorRootWrapper import: ../.ve/EditorRootWrapper
asset bundle.js 1.4 MiB [emitted] (name: main)
asset index.html 1.92 KiB [emitted]
runtime modules 27.5 KiB 14 modules
modules by path ./node_modules/ 1.24 MiB 31 modules
modules by path ./src/ 16.8 KiB
  modules by path ./src/*.css 11.1 KiB 4 modules
  modules by path ./src/*.js 5.73 KiB
    ./src/index.js 670 bytes [built] [code generated]
    ./src/App.js 5.08 KiB [built] [code generated]
modules by path ./.ve/ 15.1 KiB
  modules by path ./.ve/*.js 10.6 KiB 2 modules
  modules by path ./.ve/*.css 2.93 KiB
    ./.ve/EditorOverlay.css 2.25 KiB [built] [code generated]
    ./node_modules/css-loader/dist/cjs.js!./.ve/EditorOverlay.css 697 bytes [built] [code generated]
  ./.ve/EditorOverlay.jsx 1.58 KiB [built] [code generated]
webpack 5.99.9 compiled successfully in 1492 ms
assets by status 1.92 KiB [cached] 1 asset
assets by path *.js 1.51 MiB
  asset bundle.js 1.45 MiB [emitted] (name: main)
  asset main.2d877fed09bf1167a161.hot-update.js 61.8 KiB [emitted] [immutable] [hmr] (name: main)
asset main.2d877fed09bf1167a161.hot-update.json 28 bytes [emitted] [immutable] [hmr]
Entrypoint main 1.51 MiB = bundle.js 1.45 MiB main.2d877fed09bf1167a161.hot-update.js 61.8 KiB
cached modules 1.27 MiB [cached] 41 modules
runtime modules 27.5 KiB 14 modules
javascript modules 23.8 KiB
  modules by path ./src/components/*.css 14.2 KiB
    ./src/components/VideoFeedWithSubtitles.css 2.3 KiB [built] [code generated]
    ./src/components/SpeakerAvatars.css 2.28 KiB [built] [code generated]
    ./src/components/Sidebar.css 2.26 KiB [built] [code generated]
    ./src/components/AccessibilityControls.css 2.3 KiB [built] [code generated]
    + 4 modules
  modules by path ./src/components/*.js 6.83 KiB
    ./src/components/VideoFeedWithSubtitles.js 1.87 KiB [built] [code generated]
    ./src/components/SpeakerAvatars.js 1.19 KiB [built] [code generated]
    ./src/components/Sidebar.js 1.63 KiB [built] [code generated]
    ./src/components/AccessibilityControls.js 2.14 KiB [built] [code generated]
  ./src/App.js 2.7 KiB [built] [code generated]
webpack 5.99.9 compiled successfully in 262 ms
